// Vitest Snapshot v1

exports[`CharacterList test > CharacterList load 1`] = `[Function]`;
