// Vitest Snapshot v1

exports[`Page test > Page load 1`] = `[Function]`;
